Archive member included to satisfy reference by file (symbol)

C:/ST/STM32CubeIDE_1.19.0/STM32CubeIDE/plugins/com.st.stm32cube.ide.mcu.externaltools.gnu-tools-for-stm32.13.3.rel1.win32_1.0.0.202411081344/tools/bin/../lib/gcc/arm-none-eabi/13.3.1/../../../../arm-none-eabi/lib/thumb/v7-m/nofp\libc_nano.a(libc_a-exit.o)
                              C:/ST/STM32CubeIDE_1.19.0/STM32CubeIDE/plugins/com.st.stm32cube.ide.mcu.externaltools.gnu-tools-for-stm32.13.3.rel1.win32_1.0.0.202411081344/tools/bin/../lib/gcc/arm-none-eabi/13.3.1/../../../../arm-none-eabi/lib/thumb/v7-m/nofp/crt0.o (exit)
C:/ST/STM32CubeIDE_1.19.0/STM32CubeIDE/plugins/com.st.stm32cube.ide.mcu.externaltools.gnu-tools-for-stm32.13.3.rel1.win32_1.0.0.202411081344/tools/bin/../lib/gcc/arm-none-eabi/13.3.1/../../../../arm-none-eabi/lib/thumb/v7-m/nofp\libc_nano.a(libc_a-findfp.o)
                              C:/ST/STM32CubeIDE_1.19.0/STM32CubeIDE/plugins/com.st.stm32cube.ide.mcu.externaltools.gnu-tools-for-stm32.13.3.rel1.win32_1.0.0.202411081344/tools/bin/../lib/gcc/arm-none-eabi/13.3.1/../../../../arm-none-eabi/lib/thumb/v7-m/nofp\libc_nano.a(libc_a-exit.o) (__stdio_exit_handler)
C:/ST/STM32CubeIDE_1.19.0/STM32CubeIDE/plugins/com.st.stm32cube.ide.mcu.externaltools.gnu-tools-for-stm32.13.3.rel1.win32_1.0.0.202411081344/tools/bin/../lib/gcc/arm-none-eabi/13.3.1/../../../../arm-none-eabi/lib/thumb/v7-m/nofp\libc_nano.a(libc_a-fwalk.o)
                              C:/ST/STM32CubeIDE_1.19.0/STM32CubeIDE/plugins/com.st.stm32cube.ide.mcu.externaltools.gnu-tools-for-stm32.13.3.rel1.win32_1.0.0.202411081344/tools/bin/../lib/gcc/arm-none-eabi/13.3.1/../../../../arm-none-eabi/lib/thumb/v7-m/nofp\libc_nano.a(libc_a-findfp.o) (_fwalk_sglue)
C:/ST/STM32CubeIDE_1.19.0/STM32CubeIDE/plugins/com.st.stm32cube.ide.mcu.externaltools.gnu-tools-for-stm32.13.3.rel1.win32_1.0.0.202411081344/tools/bin/../lib/gcc/arm-none-eabi/13.3.1/../../../../arm-none-eabi/lib/thumb/v7-m/nofp\libc_nano.a(libc_a-stdio.o)
                              C:/ST/STM32CubeIDE_1.19.0/STM32CubeIDE/plugins/com.st.stm32cube.ide.mcu.externaltools.gnu-tools-for-stm32.13.3.rel1.win32_1.0.0.202411081344/tools/bin/../lib/gcc/arm-none-eabi/13.3.1/../../../../arm-none-eabi/lib/thumb/v7-m/nofp\libc_nano.a(libc_a-findfp.o) (__sread)
C:/ST/STM32CubeIDE_1.19.0/STM32CubeIDE/plugins/com.st.stm32cube.ide.mcu.externaltools.gnu-tools-for-stm32.13.3.rel1.win32_1.0.0.202411081344/tools/bin/../lib/gcc/arm-none-eabi/13.3.1/../../../../arm-none-eabi/lib/thumb/v7-m/nofp\libc_nano.a(libc_a-memset.o)
                              C:/ST/STM32CubeIDE_1.19.0/STM32CubeIDE/plugins/com.st.stm32cube.ide.mcu.externaltools.gnu-tools-for-stm32.13.3.rel1.win32_1.0.0.202411081344/tools/bin/../lib/gcc/arm-none-eabi/13.3.1/../../../../arm-none-eabi/lib/thumb/v7-m/nofp/crt0.o (memset)
C:/ST/STM32CubeIDE_1.19.0/STM32CubeIDE/plugins/com.st.stm32cube.ide.mcu.externaltools.gnu-tools-for-stm32.13.3.rel1.win32_1.0.0.202411081344/tools/bin/../lib/gcc/arm-none-eabi/13.3.1/../../../../arm-none-eabi/lib/thumb/v7-m/nofp\libc_nano.a(libc_a-closer.o)
                              C:/ST/STM32CubeIDE_1.19.0/STM32CubeIDE/plugins/com.st.stm32cube.ide.mcu.externaltools.gnu-tools-for-stm32.13.3.rel1.win32_1.0.0.202411081344/tools/bin/../lib/gcc/arm-none-eabi/13.3.1/../../../../arm-none-eabi/lib/thumb/v7-m/nofp\libc_nano.a(libc_a-stdio.o) (_close_r)
C:/ST/STM32CubeIDE_1.19.0/STM32CubeIDE/plugins/com.st.stm32cube.ide.mcu.externaltools.gnu-tools-for-stm32.13.3.rel1.win32_1.0.0.202411081344/tools/bin/../lib/gcc/arm-none-eabi/13.3.1/../../../../arm-none-eabi/lib/thumb/v7-m/nofp\libc_nano.a(libc_a-reent.o)
                              C:/ST/STM32CubeIDE_1.19.0/STM32CubeIDE/plugins/com.st.stm32cube.ide.mcu.externaltools.gnu-tools-for-stm32.13.3.rel1.win32_1.0.0.202411081344/tools/bin/../lib/gcc/arm-none-eabi/13.3.1/../../../../arm-none-eabi/lib/thumb/v7-m/nofp\libc_nano.a(libc_a-closer.o) (errno)
C:/ST/STM32CubeIDE_1.19.0/STM32CubeIDE/plugins/com.st.stm32cube.ide.mcu.externaltools.gnu-tools-for-stm32.13.3.rel1.win32_1.0.0.202411081344/tools/bin/../lib/gcc/arm-none-eabi/13.3.1/../../../../arm-none-eabi/lib/thumb/v7-m/nofp\libc_nano.a(libc_a-impure.o)
                              C:/ST/STM32CubeIDE_1.19.0/STM32CubeIDE/plugins/com.st.stm32cube.ide.mcu.externaltools.gnu-tools-for-stm32.13.3.rel1.win32_1.0.0.202411081344/tools/bin/../lib/gcc/arm-none-eabi/13.3.1/../../../../arm-none-eabi/lib/thumb/v7-m/nofp\libc_nano.a(libc_a-reent.o) (_impure_ptr)
C:/ST/STM32CubeIDE_1.19.0/STM32CubeIDE/plugins/com.st.stm32cube.ide.mcu.externaltools.gnu-tools-for-stm32.13.3.rel1.win32_1.0.0.202411081344/tools/bin/../lib/gcc/arm-none-eabi/13.3.1/../../../../arm-none-eabi/lib/thumb/v7-m/nofp\libc_nano.a(libc_a-lseekr.o)
[...]
Memory Configuration

Name             Origin             Length             Attributes
RAM              0x20000000         0x0000c000         xrw
FLASH            0x08000000         0x00040000         xr
*default*        0x00000000         0xffffffff

Linker script and memory map

LOAD C:/ST/STM32CubeIDE_1.19.0/STM32CubeIDE/plugins/com.st.stm32cube.ide.mcu.externaltools.gnu-tools-for-stm32.13.3.rel1.win32_1.0.0.202411081344/tools/bin/../lib/gcc/arm-none-eabi/13.3.1/thumb/v7-m/nofp/crti.o
LOAD C:/ST/STM32CubeIDE_1.19.0/STM32CubeIDE/plugins/com.st.stm32cube.ide.mcu.externaltools.gnu-tools-for-stm32.13.3.rel1.win32_1.0.0.202411081344/tools/bin/../lib/gcc/arm-none-eabi/13.3.1/thumb/v7-m/nofp/crtbegin.o
LOAD C:/ST/STM32CubeIDE_1.19.0/STM32CubeIDE/plugins/com.st.stm32cube.ide.mcu.externaltools.gnu-tools-for-stm32.13.3.rel1.win32_1.0.0.202411081344/tools/bin/../lib/gcc/arm-none-eabi/13.3.1/../../../../arm-none-eabi/lib/thumb/v7-m/nofp/crt0.o
LOAD ./App/ap/ap.o
LOAD ./App/ap/ap_isr.o
LOAD ./App/buzzer/buzzer.o
LOAD ./Core/Src/main.o
LOAD ./Core/Src/stm32f1xx_hal_msp.o
LOAD ./Core/Src/stm32f1xx_it.o
LOAD ./Core/Src/syscalls.o
LOAD ./Core/Src/sysmem.o
LOAD ./Core/Src/system_stm32f1xx.o
LOAD ./Core/Startup/startup_stm32f103rctx.o
LOAD ./Drivers/STM32F1xx_HAL_Driver/Src/stm32f1xx_hal.o
LOAD ./Drivers/STM32F1xx_HAL_Driver/Src/stm32f1xx_hal_cortex.o
LOAD ./Drivers/STM32F1xx_HAL_Driver/Src/stm32f1xx_hal_dma.o
LOAD ./Drivers/STM32F1xx_HAL_Driver/Src/stm32f1xx_hal_exti.o
LOAD ./Drivers/STM32F1xx_HAL_Driver/Src/stm32f1xx_hal_flash.o
LOAD ./Drivers/STM32F1xx_HAL_Driver/Src/stm32f1xx_hal_flash_ex.o
LOAD ./Drivers/STM32F1xx_HAL_Driver/Src/stm32f1xx_hal_gpio.o
LOAD ./Drivers/STM32F1xx_HAL_Driver/Src/stm32f1xx_hal_gpio_ex.o
LOAD ./Drivers/STM32F1xx_HAL_Driver/Src/stm32f1xx_hal_pwr.o
LOAD ./Drivers/STM32F1xx_HAL_Driver/Src/stm32f1xx_hal_rcc.o
LOAD ./Drivers/STM32F1xx_HAL_Driver/Src/stm32f1xx_hal_rcc_ex.o
LOAD ./Drivers/STM32F1xx_HAL_Driver/Src/stm32f1xx_hal_tim.o
LOAD ./Drivers/STM32F1xx_HAL_Driver/Src/stm32f1xx_hal_tim_ex.o
START GROUP
LOAD C:/ST/STM32CubeIDE_1.19.0/STM32CubeIDE/plugins/com.st.stm32cube.ide.mcu.externaltools.gnu-tools-for-stm32.13.3.rel1.win32_1.0.0.202411081344/tools/bin/../lib/gcc/arm-none-eabi/13.3.1/../../../../arm-none-eabi/lib/thumb/v7-m/nofp\libc_nano.a
LOAD C:/ST/STM32CubeIDE_1.19.0/STM32CubeIDE/plugins/com.st.stm32cube.ide.mcu.externaltools.gnu-tools-for-stm32.13.3.rel1.win32_1.0.0.202411081344/tools/bin/../lib/gcc/arm-none-eabi/13.3.1/../../../../arm-none-eabi/lib/thumb/v7-m/nofp\libm.a
END GROUP
START GROUP
LOAD C:/ST/STM32CubeIDE_1.19.0/STM32CubeIDE/plugins/com.st.stm32cube.ide.mcu.externaltools.gnu-tools-for-stm32.13.3.rel1.win32_1.0.0.202411081344/tools/bin/../lib/gcc/arm-none-eabi/13.3.1/thumb/v7-m/nofp\libgcc.a
LOAD C:/ST/STM32CubeIDE_1.19.0/STM32CubeIDE/plugins/com.st.stm32cube.ide.mcu.externaltools.gnu-tools-for-stm32.13.3.rel1.win32_1.0.0.202411081344/tools/bin/../lib/gcc/arm-none-eabi/13.3.1/../../../../arm-none-eabi/lib/thumb/v7-m/nofp\libc_nano.a
END GROUP
START GROUP
LOAD C:/ST/STM32CubeIDE_1.19.0/STM32CubeIDE/plugins/com.st.stm32cube.ide.mcu.externaltools.gnu-tools-for-stm32.13.3.rel1.win32_1.0.0.202411081344/tools/bin/../lib/gcc/arm-none-eabi/13.3.1/thumb/v7-m/nofp\libgcc.a
LOAD C:/ST/STM32CubeIDE_1.19.0/STM32CubeIDE/plugins/com.st.stm32cube.ide.mcu.externaltools.gnu-tools-for-stm32.13.3.rel1.win32_1.0.0.202411081344/tools/bin/../lib/gcc/arm-none-eabi/13.3.1/../../../../arm-none-eabi/lib/thumb/v7-m/nofp\libc_nano.a
LOAD C:/ST/STM32CubeIDE_1.19.0/STM32CubeIDE/plugins/com.st.stm32cube.ide.mcu.externaltools.gnu-tools-for-stm32.13.3.rel1.win32_1.0.0.202411081344/tools/bin/../lib/gcc/arm-none-eabi/13.3.1/../../../../arm-none-eabi/lib/thumb/v7-m/nofp\libnosys.a
END GROUP
START GROUP
LOAD C:/ST/STM32CubeIDE_1.19.0/STM32CubeIDE/plugins/com.st.stm32cube.ide.mcu.externaltools.gnu-tools-for-stm32.13.3.rel1.win32_1.0.0.202411081344/tools/bin/../lib/gcc/arm-none-eabi/13.3.1/thumb/v7-m/nofp\libgcc.a
LOAD C:/ST/STM32CubeIDE_1.19.0/STM32CubeIDE/plugins/com.st.stm32cube.ide.mcu.externaltools.gnu-tools-for-stm32.13.3.rel1.win32_1.0.0.202411081344/tools/bin/../lib/gcc/arm-none-eabi/13.3.1/../../../../arm-none-eabi/lib/thumb/v7-m/nofp\libc_nano.a
LOAD C:/ST/STM32CubeIDE_1.19.0/STM32CubeIDE/plugins/com.st.stm32cube.ide.mcu.externaltools.gnu-tools-for-stm32.13.3.rel1.win32_1.0.0.202411081344/tools/bin/../lib/gcc/arm-none-eabi/13.3.1/../../../../arm-none-eabi/lib/thumb/v7-m/nofp\libnosys.a
END GROUP
LOAD C:/ST/STM32CubeIDE_1.19.0/STM32CubeIDE/plugins/com.st.stm32cube.ide.mcu.externaltools.gnu-tools-for-stm32.13.3.rel1.win32_1.0.0.202411081344/tools/bin/../lib/gcc/arm-none-eabi/13.3.1/thumb/v7-m/nofp/crtend.o
LOAD C:/ST/STM32CubeIDE_1.19.0/STM32CubeIDE/plugins/com.st.stm32cube.ide.mcu.externaltools.gnu-tools-for-stm32.13.3.rel1.win32_1.0.0.202411081344/tools/bin/../lib/gcc/arm-none-eabi/13.3.1/thumb/v7-m/nofp/crtn.o
                0x2000c000                        _estack = (ORIGIN (RAM) + LENGTH (RAM))
                0x00000200                        _Min_Heap_Size = 0x200
                0x00000400                        _Min_Stack_Size = 0x400

.isr_vector     0x08000000      0x1e4
                0x08000000                        . = ALIGN (0x4)
 *(.isr_vector)
 .isr_vector    0x08000000      0x1e4 ./Core/Startup/startup_stm32f103rctx.o
                0x08000000                g_pfnVectors
                0x080001e4                        . = ALIGN (0x4)

.text           0x080001e4     0x1f48
                0x080001e4                        . = ALIGN (0x4)
 *(.text)
 .text          0x080001e4       0x40 C:/ST/STM32CubeIDE_1.19.0/STM32CubeIDE/plugins/com.st.stm32cube.ide.mcu.externaltools.gnu-tools-for-stm32.13.3.rel1.win32_1.0.0.202411081344/tools/bin/../lib/gcc/arm-none-eabi/13.3.1/thumb/v7-m/nofp/crtbegin.o
 *(.text*)
 .text.ap_init  0x08000224       0x40 ./App/ap/ap.o
                0x08000224                ap_init
 .text.ap_main  0x08000264       0x28 ./App/ap/ap.o
                0x08000264                ap_main
 .text.ap_tim1_callback
                0x0800028c       0x40 ./App/ap/ap_isr.o
                0x0800028c                ap_tim1_callback
 .text.ap_tim2_callback
                0x080002cc        0xc ./App/ap/ap_isr.o
                0x080002cc                ap_tim2_callback
 .text.ap_tim3_callback
                0x080002d8       0x1c ./App/ap/ap_isr.o
                0x080002d8                ap_tim3_callback
 .text.ap_tim4_callback
                0x080002f4        0xc ./App/ap/ap_isr.o
                0x080002f4                ap_tim4_callback
 .text.buzzer_op
                0x08000300       0x48 ./App/buzzer/buzzer.o
                0x08000300                buzzer_op
 .text.pitches_to_period
                0x08000348       0x94 ./App/buzzer/buzzer.o
                0x08000348                pitches_to_period
 .text.main     0x080003dc       0x2c ./Core/Src/main.o
                0x080003dc                main
 .text.SystemClock_Config
                0x08000408       0x8c ./Core/Src/main.o
                0x08000408                SystemClock_Config
 .text.MX_TIM1_Init
                0x08000494       0xa0 ./Core/Src/main.o
 .text.MX_TIM2_Init
                0x08000534       0x98 ./Core/Src/main.o
 .text.MX_TIM3_Init
                0x080005cc       0x9c ./Core/Src/main.o
 .text.MX_TIM4_Init
                0x08000668       0x9c ./Core/Src/main.o
 .text.MX_GPIO_Init
                0x08000704       0xc0 ./Core/Src/main.o
 .text.Error_Handler
                0x080007c4        0xc ./Core/Src/main.o
                0x080007c4                Error_Handler
 .text.HAL_MspInit
                0x080007d0       0x64 ./Core/Src/stm32f1xx_hal_msp.o
                0x080007d0                HAL_MspInit
 .text.HAL_TIM_Base_MspInit
                0x08000834       0xf0 ./Core/Src/stm32f1xx_hal_msp.o
                0x08000834                HAL_TIM_Base_MspInit
 .text.NMI_Handler
                0x08000924        0x8 ./Core/Src/stm32f1xx_it.o
                0x08000924                NMI_Handler
 .text.HardFault_Handler
                0x0800092c        0x8 ./Core/Src/stm32f1xx_it.o
                0x0800092c                HardFault_Handler
 .text.MemManage_Handler
                0x08000934        0x8 ./Core/Src/stm32f1xx_it.o
                0x08000934                MemManage_Handler
 .text.BusFault_Handler
                0x0800093c        0x8 ./Core/Src/stm32f1xx_it.o
                0x0800093c                BusFault_Handler
 .text.UsageFault_Handler
                0x08000944        0x8 ./Core/Src/stm32f1xx_it.o
                0x08000944                UsageFault_Handler
 .text.SVC_Handler
                0x0800094c        0xc ./Core/Src/stm32f1xx_it.o
                0x0800094c                SVC_Handler
 .text.DebugMon_Handler
                0x08000958        0xc ./Core/Src/stm32f1xx_it.o
                0x08000958                DebugMon_Handler
 .text.PendSV_Handler
                0x08000964        0xc ./Core/Src/stm32f1xx_it.o
                0x08000964                PendSV_Handler
 .text.SysTick_Handler
                0x08000970        0xc ./Core/Src/stm32f1xx_it.o
                0x08000970                SysTick_Handler
 .text.TIM1_UP_IRQHandler
                0x0800097c       0x18 ./Core/Src/stm32f1xx_it.o
                0x0800097c                TIM1_UP_IRQHandler
 .text.TIM2_IRQHandler
                0x08000994       0x18 ./Core/Src/stm32f1xx_it.o
                0x08000994                TIM2_IRQHandler
 .text.TIM3_IRQHandler
                0x080009ac       0x18 ./Core/Src/stm32f1xx_it.o
                0x080009ac                TIM3_IRQHandler
 .text.TIM4_IRQHandler
                0x080009c4       0x18 ./Core/Src/stm32f1xx_it.o
                0x080009c4                TIM4_IRQHandler
 .text.SystemInit
                0x080009dc        0xc ./Core/Src/system_stm32f1xx.o
                0x080009dc                SystemInit
 .text.Reset_Handler
                0x080009e8       0x48 ./Core/Startup/startup_stm32f103rctx.o
                0x080009e8                Reset_Handler
 .text.Default_Handler
                0x08000a30        0x2 ./Core/Startup/startup_stm32f103rctx.o
                0x08000a30                RTC_Alarm_IRQHandler
                0x08000a30                EXTI2_IRQHandler
                0x08000a30                TIM8_TRG_COM_IRQHandler
                0x08000a30                TIM8_CC_IRQHandler
                0x08000a30                TIM1_CC_IRQHandler
                0x08000a30                TIM6_IRQHandler
                0x08000a30                PVD_IRQHandler
                0x08000a30                SDIO_IRQHandler
                0x08000a30                EXTI3_IRQHandler
                0x08000a30                EXTI0_IRQHandler
                0x08000a30                I2C2_EV_IRQHandler
                0x08000a30                ADC1_2_IRQHandler
                0x08000a30                SPI1_IRQHandler
                0x08000a30                TAMPER_IRQHandler
                0x08000a30                TIM8_UP_IRQHandler
                0x08000a30                DMA2_Channel2_IRQHandler
                0x08000a30                DMA1_Channel4_IRQHandler
                0x08000a30                USART3_IRQHandler
                0x08000a30                RTC_IRQHandler
                0x08000a30                DMA1_Channel7_IRQHandler
                0x08000a30                CAN1_RX1_IRQHandler
                0x08000a30                UART5_IRQHandler
                0x08000a30                ADC3_IRQHandler
                0x08000a30                DMA2_Channel1_IRQHandler
                0x08000a30                I2C1_EV_IRQHandler
                0x08000a30                DMA1_Channel6_IRQHandler
                0x08000a30                UART4_IRQHandler
                0x08000a30                RCC_IRQHandler
                0x08000a30                TIM1_TRG_COM_IRQHandler
                0x08000a30                DMA1_Channel1_IRQHandler
                0x08000a30                Default_Handler
                0x08000a30                EXTI15_10_IRQHandler
                0x08000a30                TIM7_IRQHandler
                0x08000a30                TIM5_IRQHandler
                0x08000a30                EXTI9_5_IRQHandler
                0x08000a30                SPI2_IRQHandler
                0x08000a30                DMA1_Channel5_IRQHandler
                0x08000a30                EXTI4_IRQHandler
                0x08000a30                USB_LP_CAN1_RX0_IRQHandler
                0x08000a30                USB_HP_CAN1_TX_IRQHandler
                0x08000a30                DMA1_Channel3_IRQHandler
                0x08000a30                FSMC_IRQHandler
                0x08000a30                WWDG_IRQHandler
                0x08000a30                TIM1_BRK_IRQHandler
                0x08000a30                EXTI1_IRQHandler
                0x08000a30                DMA2_Channel4_5_IRQHandler
                0x08000a30                USART2_IRQHandler
                0x08000a30                I2C2_ER_IRQHandler
                0x08000a30                DMA1_Channel2_IRQHandler
                0x08000a30                TIM8_BRK_IRQHandler
                0x08000a30                CAN1_SCE_IRQHandler
                0x08000a30                FLASH_IRQHandler
                0x08000a30                USART1_IRQHandler
                0x08000a30                SPI3_IRQHandler
                0x08000a30                I2C1_ER_IRQHandler
                0x08000a30                USBWakeUp_IRQHandler
                0x08000a30                DMA2_Channel3_IRQHandler
 *fill*         0x08000a32        0x2 
 .text.HAL_Init
                0x08000a34       0x2c ./Drivers/STM32F1xx_HAL_Driver/Src/stm32f1xx_hal.o
                0x08000a34                HAL_Init
 .text.HAL_InitTick
                0x08000a60       0x60 ./Drivers/STM32F1xx_HAL_Driver/Src/stm32f1xx_hal.o
                0x08000a60                HAL_InitTick
 .text.HAL_IncTick
                0x08000ac0       0x24 ./Drivers/STM32F1xx_HAL_Driver/Src/stm32f1xx_hal.o
                0x08000ac0                HAL_IncTick
 .text.HAL_GetTick
                0x08000ae4       0x14 ./Drivers/STM32F1xx_HAL_Driver/Src/stm32f1xx_hal.o
                0x08000ae4                HAL_GetTick
 .text.__NVIC_SetPriorityGrouping
                0x08000af8       0x48 ./Drivers/STM32F1xx_HAL_Driver/Src/stm32f1xx_hal_cortex.o
 .text.__NVIC_GetPriorityGrouping
                0x08000b40       0x1c ./Drivers/STM32F1xx_HAL_Driver/Src/stm32f1xx_hal_cortex.o
 .text.__NVIC_EnableIRQ
                0x08000b5c       0x38 ./Drivers/STM32F1xx_HAL_Driver/Src/stm32f1xx_hal_cortex.o
 .text.__NVIC_SetPriority
                0x08000b94       0x54 ./Drivers/STM32F1xx_HAL_Driver/Src/stm32f1xx_hal_cortex.o
 .text.NVIC_EncodePriority
                0x08000be8       0x64 ./Drivers/STM32F1xx_HAL_Driver/Src/stm32f1xx_hal_cortex.o
 .text.SysTick_Config
                0x08000c4c       0x44 ./Drivers/STM32F1xx_HAL_Driver/Src/stm32f1xx_hal_cortex.o
 .text.HAL_NVIC_SetPriorityGrouping
                0x08000c90       0x16 ./Drivers/STM32F1xx_HAL_Driver/Src/stm32f1xx_hal_cortex.o
                0x08000c90                HAL_NVIC_SetPriorityGrouping
 .text.HAL_NVIC_SetPriority
                0x08000ca6       0x38 ./Drivers/STM32F1xx_HAL_Driver/Src/stm32f1xx_hal_cortex.o
                0x08000ca6                HAL_NVIC_SetPriority
 .text.HAL_NVIC_EnableIRQ
                0x08000cde       0x1c ./Drivers/STM32F1xx_HAL_Driver/Src/stm32f1xx_hal_cortex.o
                0x08000cde                HAL_NVIC_EnableIRQ
 .text.HAL_SYSTICK_Config
                0x08000cfa       0x18 ./Drivers/STM32F1xx_HAL_Driver/Src/stm32f1xx_hal_cortex.o
                0x08000cfa                HAL_SYSTICK_Config
 *fill*         0x08000d12        0x2 
 .text.HAL_GPIO_Init
                0x08000d14      0x328 ./Drivers/STM32F1xx_HAL_Driver/Src/stm32f1xx_hal_gpio.o
                0x08000d14                HAL_GPIO_Init
 .text.HAL_GPIO_WritePin
                0x0800103c       0x30 ./Drivers/STM32F1xx_HAL_Driver/Src/stm32f1xx_hal_gpio.o
                0x0800103c                HAL_GPIO_WritePin
 .text.HAL_GPIO_TogglePin
                0x0800106c       0x32 ./Drivers/STM32F1xx_HAL_Driver/Src/stm32f1xx_hal_gpio.o
                0x0800106c                HAL_GPIO_TogglePin
 *fill*         0x0800109e        0x2 
 .text.HAL_RCC_OscConfig
                0x080010a0      0x504 ./Drivers/STM32F1xx_HAL_Driver/Src/stm32f1xx_hal_rcc.o
                0x080010a0                HAL_RCC_OscConfig
 .text.HAL_RCC_ClockConfig
                0x080015a4      0x1d4 ./Drivers/STM32F1xx_HAL_Driver/Src/stm32f1xx_hal_rcc.o
                0x080015a4                HAL_RCC_ClockConfig
 .text.HAL_RCC_GetSysClockFreq
                0x08001778       0xac ./Drivers/STM32F1xx_HAL_Driver/Src/stm32f1xx_hal_rcc.o
                0x08001778                HAL_RCC_GetSysClockFreq
 .text.RCC_Delay
                0x08001824       0x3c ./Drivers/STM32F1xx_HAL_Driver/Src/stm32f1xx_hal_rcc.o
 .text.HAL_TIM_Base_Init
                0x08001860       0x9e ./Drivers/STM32F1xx_HAL_Driver/Src/stm32f1xx_hal_tim.o
                0x08001860                HAL_TIM_Base_Init
 *fill*         0x080018fe        0x2 
 .text.HAL_TIM_Base_Start_IT
                0x08001900       0xc0 ./Drivers/STM32F1xx_HAL_Driver/Src/stm32f1xx_hal_tim.o
                0x08001900                HAL_TIM_Base_Start_IT
 .text.HAL_TIM_IRQHandler
                0x080019c0      0x1e0 ./Drivers/STM32F1xx_HAL_Driver/Src/stm32f1xx_hal_tim.o
                0x080019c0                HAL_TIM_IRQHandler
 .text.HAL_TIM_ConfigClockSource
                0x08001ba0      0x18e ./Drivers/STM32F1xx_HAL_Driver/Src/stm32f1xx_hal_tim.o
                0x08001ba0                HAL_TIM_ConfigClockSource
 .text.HAL_TIM_PeriodElapsedCallback
                0x08001d2e       0x12 ./Drivers/STM32F1xx_HAL_Driver/Src/stm32f1xx_hal_tim.o
                0x08001d2e                HAL_TIM_PeriodElapsedCallback
 .text.HAL_TIM_OC_DelayElapsedCallback
                0x08001d40       0x12 ./Drivers/STM32F1xx_HAL_Driver/Src/stm32f1xx_hal_tim.o
                0x08001d40                HAL_TIM_OC_DelayElapsedCallback
 .text.HAL_TIM_IC_CaptureCallback
                0x08001d52       0x12 ./Drivers/STM32F1xx_HAL_Driver/Src/stm32f1xx_hal_tim.o
                0x08001d52                HAL_TIM_IC_CaptureCallback
 .text.HAL_TIM_PWM_PulseFinishedCallback
                0x08001d64       0x12 ./Drivers/STM32F1xx_HAL_Driver/Src/stm32f1xx_hal_tim.o
                0x08001d64                HAL_TIM_PWM_PulseFinishedCallback
 .text.HAL_TIM_TriggerCallback
                0x08001d76       0x12 ./Drivers/STM32F1xx_HAL_Driver/Src/stm32f1xx_hal_tim.o
                0x08001d76                HAL_TIM_TriggerCallback
 .text.TIM_Base_SetConfig
                0x08001d88      0x10c ./Drivers/STM32F1xx_HAL_Driver/Src/stm32f1xx_hal_tim.o
                0x08001d88                TIM_Base_SetConfig
 .text.TIM_TI1_ConfigInputStage
                0x08001e94       0x5c ./Drivers/STM32F1xx_HAL_Driver/Src/stm32f1xx_hal_tim.o
 .text.TIM_TI2_ConfigInputStage
                0x08001ef0       0x5e ./Drivers/STM32F1xx_HAL_Driver/Src/stm32f1xx_hal_tim.o
 .text.TIM_ITRx_SetConfig
                0x08001f4e       0x34 ./Drivers/STM32F1xx_HAL_Driver/Src/stm32f1xx_hal_tim.o
 .text.TIM_ETR_SetConfig
                0x08001f82       0x3e ./Drivers/STM32F1xx_HAL_Driver/Src/stm32f1xx_hal_tim.o
                0x08001f82                TIM_ETR_SetConfig
 .text.HAL_TIMEx_MasterConfigSynchronization
                0x08001fc0       0xd8 ./Drivers/STM32F1xx_HAL_Driver/Src/stm32f1xx_hal_tim_ex.o
                0x08001fc0                HAL_TIMEx_MasterConfigSynchronization
 .text.HAL_TIMEx_CommutCallback
                0x08002098       0x12 ./Drivers/STM32F1xx_HAL_Driver/Src/stm32f1xx_hal_tim_ex.o
                0x08002098                HAL_TIMEx_CommutCallback
 .text.HAL_TIMEx_BreakCallback
                0x080020aa       0x12 ./Drivers/STM32F1xx_HAL_Driver/Src/stm32f1xx_hal_tim_ex.o
                0x080020aa                HAL_TIMEx_BreakCallback
 .text.memset   0x080020bc       0x10 C:/ST/STM32CubeIDE_1.19.0/STM32CubeIDE/plugins/com.st.stm32cube.ide.mcu.externaltools.gnu-tools-for-stm32.13.3.rel1.win32_1.0.0.202411081344/tools/bin/../lib/gcc/arm-none-eabi/13.3.1/../../../../arm-none-eabi/lib/thumb/v7-m/nofp\libc_nano.a(libc_a-memset.o)
                0x080020bc                memset
 .text.__libc_init_array
                0x080020cc       0x48 C:/ST/STM32CubeIDE_1.19.0/STM32CubeIDE/plugins/com.st.stm32cube.ide.mcu.externaltools.gnu-tools-for-stm32.13.3.rel1.win32_1.0.0.202411081344/tools/bin/../lib/gcc/arm-none-eabi/13.3.1/../../../../arm-none-eabi/lib/thumb/v7-m/nofp\libc_nano.a(libc_a-init.o)
                0x080020cc                __libc_init_array
 *(.glue_7)
 .glue_7        0x08002114        0x0 linker stubs
 *(.glue_7t)
 .glue_7t       0x08002114        0x0 linker stubs
 *(.eh_frame)
 .eh_frame      0x08002114        0x0 C:/ST/STM32CubeIDE_1.19.0/STM32CubeIDE/plugins/com.st.stm32cube.ide.mcu.externaltools.gnu-tools-for-stm32.13.3.rel1.win32_1.0.0.202411081344/tools/bin/../lib/gcc/arm-none-eabi/13.3.1/thumb/v7-m/nofp/crtbegin.o
 *(.init)
 .init          0x08002114        0x4 C:/ST/STM32CubeIDE_1.19.0/STM32CubeIDE/plugins/com.st.stm32cube.ide.mcu.externaltools.gnu-tools-for-stm32.13.3.rel1.win32_1.0.0.202411081344/tools/bin/../lib/gcc/arm-none-eabi/13.3.1/thumb/v7-m/nofp/crti.o
                0x08002114                _init
 .init          0x08002118        0x8 C:/ST/STM32CubeIDE_1.19.0/STM32CubeIDE/plugins/com.st.stm32cube.ide.mcu.externaltools.gnu-tools-for-stm32.13.3.rel1.win32_1.0.0.202411081344/tools/bin/../lib/gcc/arm-none-eabi/13.3.1/thumb/v7-m/nofp/crtn.o
 *(.fini)
 .fini          0x08002120        0x4 C:/ST/STM32CubeIDE_1.19.0/STM32CubeIDE/plugins/com.st.stm32cube.ide.mcu.externaltools.gnu-tools-for-stm32.13.3.rel1.win32_1.0.0.202411081344/tools/bin/../lib/gcc/arm-none-eabi/13.3.1/thumb/v7-m/nofp/crti.o
                0x08002120                _fini
 .fini          0x08002124        0x8 C:/ST/STM32CubeIDE_1.19.0/STM32CubeIDE/plugins/com.st.stm32cube.ide.mcu.externaltools.gnu-tools-for-stm32.13.3.rel1.win32_1.0.0.202411081344/tools/bin/../lib/gcc/arm-none-eabi/13.3.1/thumb/v7-m/nofp/crtn.o
                0x0800212c                        . = ALIGN (0x4)
                0x0800212c                        _etext = .

.vfp11_veneer   0x0800212c        0x0
 .vfp11_veneer  0x0800212c        0x0 linker stubs

.v4_bx          0x0800212c        0x0
 .v4_bx         0x0800212c        0x0 linker stubs

.iplt           0x0800212c        0x0
 .iplt          0x0800212c        0x0 C:/ST/STM32CubeIDE_1.19.0/STM32CubeIDE/plugins/com.st.stm32cube.ide.mcu.externaltools.gnu-tools-for-stm32.13.3.rel1.win32_1.0.0.202411081344/tools/bin/../lib/gcc/arm-none-eabi/13.3.1/thumb/v7-m/nofp/crtbegin.o

.rodata         0x0800212c       0x24
                0x0800212c                        . = ALIGN (0x4)
 *(.rodata)
 *(.rodata*)
 .rodata.AHBPrescTable
                0x0800212c       0x10 ./Core/Src/system_stm32f1xx.o
                0x0800212c                AHBPrescTable
 .rodata.aPLLMULFactorTable.1
                0x0800213c       0x10 ./Drivers/STM32F1xx_HAL_Driver/Src/stm32f1xx_hal_rcc.o
 .rodata.aPredivFactorTable.0
                0x0800214c        0x2 ./Drivers/STM32F1xx_HAL_Driver/Src/stm32f1xx_hal_rcc.o
                0x08002150                        . = ALIGN (0x4)
 *fill*         0x0800214e        0x2 

.ARM.extab      0x08002150        0x0
                0x08002150                        . = ALIGN (0x4)
 *(.ARM.extab* .gnu.linkonce.armextab.*)
                0x08002150                        . = ALIGN (0x4)

.ARM            0x08002150        0x0
                0x08002150                        . = ALIGN (0x4)
                0x08002150                        __exidx_start = .
 *(.ARM.exidx*)
                0x08002150                        __exidx_end = .
                0x08002150                        . = ALIGN (0x4)

.preinit_array  0x08002150        0x0
                0x08002150                        . = ALIGN (0x4)
                0x08002150                        PROVIDE (__preinit_array_start = .)
 *(.preinit_array*)
                0x08002150                        PROVIDE (__preinit_array_end = .)
                0x08002150                        . = ALIGN (0x4)

.init_array     0x08002150        0x4
                0x08002150                        . = ALIGN (0x4)
                0x08002150                        PROVIDE (__init_array_start = .)
 *(SORT_BY_NAME(.init_array.*))
 *(.init_array*)
 .init_array    0x08002150        0x4 C:/ST/STM32CubeIDE_1.19.0/STM32CubeIDE/plugins/com.st.stm32cube.ide.mcu.externaltools.gnu-tools-for-stm32.13.3.rel1.win32_1.0.0.202411081344/tools/bin/../lib/gcc/arm-none-eabi/13.3.1/thumb/v7-m/nofp/crtbegin.o
                0x08002154                        PROVIDE (__init_array_end = .)
                0x08002154                        . = ALIGN (0x4)

.fini_array     0x08002154        0x4
                0x08002154                        . = ALIGN (0x4)
                [!provide]                        PROVIDE (__fini_array_start = .)
 *(SORT_BY_NAME(.fini_array.*))
 *(.fini_array*)
 .fini_array    0x08002154        0x4 C:/ST/STM32CubeIDE_1.19.0/STM32CubeIDE/plugins/com.st.stm32cube.ide.mcu.externaltools.gnu-tools-for-stm32.13.3.rel1.win32_1.0.0.202411081344/tools/bin/../lib/gcc/arm-none-eabi/13.3.1/thumb/v7-m/nofp/crtbegin.o
                [!provide]                        PROVIDE (__fini_array_end = .)
                0x08002158                        . = ALIGN (0x4)
                0x08002158                        _sidata = LOADADDR (.data)

.rel.dyn        0x08002158        0x0
 .rel.iplt      0x08002158        0x0 C:/ST/STM32CubeIDE_1.19.0/STM32CubeIDE/plugins/com.st.stm32cube.ide.mcu.externaltools.gnu-tools-for-stm32.13.3.rel1.win32_1.0.0.202411081344/tools/bin/../lib/gcc/arm-none-eabi/13.3.1/thumb/v7-m/nofp/crtbegin.o

.data           0x20000000        0xc load address 0x08002158
                0x20000000                        . = ALIGN (0x4)
                0x20000000                        _sdata = .
 *(.data)
 *(.data*)
 .data.SystemCoreClock
                0x20000000        0x4 ./Core/Src/system_stm32f1xx.o
                0x20000000                SystemCoreClock
 .data.uwTickPrio
                0x20000004        0x4 ./Drivers/STM32F1xx_HAL_Driver/Src/stm32f1xx_hal.o
                0x20000004                uwTickPrio
 .data.uwTickFreq
                0x20000008        0x1 ./Drivers/STM32F1xx_HAL_Driver/Src/stm32f1xx_hal.o
                0x20000008                uwTickFreq
 *(.RamFunc)
 *(.RamFunc*)
                0x2000000c                        . = ALIGN (0x4)
 *fill*         0x20000009        0x3 
                0x2000000c                        _edata = .

.igot.plt       0x2000000c        0x0 load address 0x08002164
 .igot.plt      0x2000000c        0x0 C:/ST/STM32CubeIDE_1.19.0/STM32CubeIDE/plugins/com.st.stm32cube.ide.mcu.externaltools.gnu-tools-for-stm32.13.3.rel1.win32_1.0.0.202411081344/tools/bin/../lib/gcc/arm-none-eabi/13.3.1/thumb/v7-m/nofp/crtbegin.o
                0x2000000c                        . = ALIGN (0x4)

.bss            0x2000000c      0x14c load address 0x08002164
                0x2000000c                        _sbss = .
                0x2000000c                        __bss_start__ = _sbss
 *(.bss)
 .bss           0x2000000c       0x1c C:/ST/STM32CubeIDE_1.19.0/STM32CubeIDE/plugins/com.st.stm32cube.ide.mcu.externaltools.gnu-tools-for-stm32.13.3.rel1.win32_1.0.0.202411081344/tools/bin/../lib/gcc/arm-none-eabi/13.3.1/thumb/v7-m/nofp/crtbegin.o
 *(.bss*)
 .bss.buzzer_busy.0
                0x20000028        0x1 ./App/ap/ap.o
 *fill*         0x20000029        0x3 
 .bss.buz_ms.0  0x2000002c        0x4 ./App/ap/ap_isr.o
 .bss.buzzer_start
                0x20000030        0x1 ./App/buzzer/buzzer.o
                0x20000030                buzzer_start
 *fill*         0x20000031        0x3 
 .bss.htim1     0x20000034       0x48 ./Core/Src/main.o
                0x20000034                htim1
 .bss.htim2     0x2000007c       0x48 ./Core/Src/main.o
                0x2000007c                htim2
 .bss.htim3     0x200000c4       0x48 ./Core/Src/main.o
                0x200000c4                htim3
 .bss.htim4     0x2000010c       0x48 ./Core/Src/main.o
                0x2000010c                htim4
 .bss.uwTick    0x20000154        0x4 ./Drivers/STM32F1xx_HAL_Driver/Src/stm32f1xx_hal.o
                0x20000154                uwTick
 *(COMMON)
                0x20000158                        . = ALIGN (0x4)
                0x20000158                        _ebss = .
                0x20000158                        __bss_end__ = _ebss

._user_heap_stack
                0x20000158      0x600 load address 0x08002164
                0x20000158                        . = ALIGN (0x8)
                [!provide]                        PROVIDE (end = .)
                0x20000158                        PROVIDE (_end = .)
                0x20000358                        . = (. + _Min_Heap_Size)
 *fill*         0x20000158      0x200 
                0x20000758                        . = (. + _Min_Stack_Size)
 *fill*         0x20000358      0x400 
                0x20000758                        . = ALIGN (0x8)

/DISCARD/
 libc.a(*)
 libm.a(*)
 libgcc.a(*)

.ARM.attributes
                0x00000000       0x29
 *(.ARM.attributes)
 .ARM.attributes
                0x00000000       0x1d C:/ST/STM32CubeIDE_1.19.0/STM32CubeIDE/plugins/com.st.stm32cube.ide.mcu.externaltools.gnu-tools-for-stm32.13.3.rel1.win32_1.0.0.202411081344/tools/bin/../lib/gcc/arm-none-eabi/13.3.1/thumb/v7-m/nofp/crti.o
 .ARM.attributes
                0x0000001d       0x2d C:/ST/STM32CubeIDE_1.19.0/STM32CubeIDE/plugins/com.st.stm32cube.ide.mcu.externaltools.gnu-tools-for-stm32.13.3.rel1.win32_1.0.0.202411081344/tools/bin/../lib/gcc/arm-none-eabi/13.3.1/thumb/v7-m/nofp/crtbegin.o
 .ARM.attributes
                0x0000004a       0x2d ./App/ap/ap.o
 .ARM.attributes
                0x00000077       0x2d ./App/ap/ap_isr.o
 .ARM.attributes
                0x000000a4       0x2d ./App/buzzer/buzzer.o
 .ARM.attributes
                0x000000d1       0x2d ./Core/Src/main.o
 .ARM.attributes
                0x000000fe       0x2d ./Core/Src/stm32f1xx_hal_msp.o
 .ARM.attributes
                0x0000012b       0x2d ./Core/Src/stm32f1xx_it.o
 .ARM.attributes
                0x00000158       0x2d ./Core/Src/system_stm32f1xx.o
 .ARM.attributes
                0x00000185       0x21 ./Core/Startup/startup_stm32f103rctx.o
 .ARM.attributes
                0x000001a6       0x2d ./Drivers/STM32F1xx_HAL_Driver/Src/stm32f1xx_hal.o
 .ARM.attributes
                0x000001d3       0x2d ./Drivers/STM32F1xx_HAL_Driver/Src/stm32f1xx_hal_cortex.o
 .ARM.attributes
                0x00000200       0x2d ./Drivers/STM32F1xx_HAL_Driver/Src/stm32f1xx_hal_gpio.o
 .ARM.attributes
                0x0000022d       0x2d ./Drivers/STM32F1xx_HAL_Driver/Src/stm32f1xx_hal_rcc.o
 .ARM.attributes
                0x0000025a       0x2d ./Drivers/STM32F1xx_HAL_Driver/Src/stm32f1xx_hal_tim.o
 .ARM.attributes
                0x00000287       0x2d ./Drivers/STM32F1xx_HAL_Driver/Src/stm32f1xx_hal_tim_ex.o
 .ARM.attributes
                0x000002b4       0x2d C:/ST/STM32CubeIDE_1.19.0/STM32CubeIDE/plugins/com.st.stm32cube.ide.mcu.externaltools.gnu-tools-for-stm32.13.3.rel1.win32_1.0.0.202411081344/tools/bin/../lib/gcc/arm-none-eabi/13.3.1/../../../../arm-none-eabi/lib/thumb/v7-m/nofp\libc_nano.a(libc_a-memset.o)
 .ARM.attributes
                0x000002e1       0x2d C:/ST/STM32CubeIDE_1.19.0/STM32CubeIDE/plugins/com.st.stm32cube.ide.mcu.externaltools.gnu-tools-for-stm32.13.3.rel1.win32_1.0.0.202411081344/tools/bin/../lib/gcc/arm-none-eabi/13.3.1/../../../../arm-none-eabi/lib/thumb/v7-m/nofp\libc_nano.a(libc_a-init.o)
 .ARM.attributes
                0x0000030e       0x1d C:/ST/STM32CubeIDE_1.19.0/STM32CubeIDE/plugins/com.st.stm32cube.ide.mcu.externaltools.gnu-tools-for-stm32.13.3.rel1.win32_1.0.0.202411081344/tools/bin/../lib/gcc/arm-none-eabi/13.3.1/thumb/v7-m/nofp/crtn.o
OUTPUT(STM32F103_Piezo.elf elf32-littlearm)
LOAD linker stubs
LOAD C:/ST/STM32CubeIDE_1.19.0/STM32CubeIDE/plugins/com.st.stm32cube.ide.mcu.externaltools.gnu-tools-for-stm32.13.3.rel1.win32_1.0.0.202411081344/tools/bin/../lib/gcc/arm-none-eabi/13.3.1/../../../../arm-none-eabi/lib/thumb/v7-m/nofp\libc.a
LOAD C:/ST/STM32CubeIDE_1.19.0/STM32CubeIDE/plugins/com.st.stm32cube.ide.mcu.externaltools.gnu-tools-for-stm32.13.3.rel1.win32_1.0.0.202411081344/tools/bin/../lib/gcc/arm-none-eabi/13.3.1/../../../../arm-none-eabi/lib/thumb/v7-m/nofp\libm.a
LOAD C:/ST/STM32CubeIDE_1.19.0/STM32CubeIDE/plugins/com.st.stm32cube.ide.mcu.externaltools.gnu-tools-for-stm32.13.3.rel1.win32_1.0.0.202411081344/tools/bin/../lib/gcc/arm-none-eabi/13.3.1/thumb/v7-m/nofp\libgcc.a

.debug_info     0x00000000     0x8e5b
 .debug_info    0x00000000      0x770 ./App/ap/ap.o
 .debug_info    0x00000770      0x148 ./App/ap/ap_isr.o
 .debug_info    0x000008b8      0x882 ./App/buzzer/buzzer.o
 .debug_info    0x0000113a      0xc0d ./Core/Src/main.o
 .debug_info    0x00001d47      0x9f2 ./Core/Src/stm32f1xx_hal_msp.o
 .debug_info    0x00002739      0x705 ./Core/Src/stm32f1xx_it.o
 .debug_info    0x00002e3e      0x222 ./Core/Src/system_stm32f1xx.o
 .debug_info    0x00003060       0x30 ./Core/Startup/startup_stm32f103rctx.o
 .debug_info    0x00003090      0x76a ./Drivers/STM32F1xx_HAL_Driver/Src/stm32f1xx_hal.o
 .debug_info    0x000037fa      0xaed ./Drivers/STM32F1xx_HAL_Driver/Src/stm32f1xx_hal_cortex.o
 .debug_info    0x000042e7      0x5ab ./Drivers/STM32F1xx_HAL_Driver/Src/stm32f1xx_hal_gpio.o
 .debug_info    0x00004892      0x7d5 ./Drivers/STM32F1xx_HAL_Driver/Src/stm32f1xx_hal_rcc.o
 .debug_info    0x00005067     0x2959 ./Drivers/STM32F1xx_HAL_Driver/Src/stm32f1xx_hal_tim.o
 .debug_info    0x000079c0     0x149b ./Drivers/STM32F1xx_HAL_Driver/Src/stm32f1xx_hal_tim_ex.o

.debug_abbrev   0x00000000     0x1a7a
 .debug_abbrev  0x00000000      0x1b0 ./App/ap/ap.o
 .debug_abbrev  0x000001b0       0xf4 ./App/ap/ap_isr.o
 .debug_abbrev  0x000002a4      0x212 ./App/buzzer/buzzer.o
 .debug_abbrev  0x000004b6      0x29d ./Core/Src/main.o
 .debug_abbrev  0x00000753      0x1ad ./Core/Src/stm32f1xx_hal_msp.o
 .debug_abbrev  0x00000900      0x1a8 ./Core/Src/stm32f1xx_it.o
 .debug_abbrev  0x00000aa8      0x13f ./Core/Src/system_stm32f1xx.o
 .debug_abbrev  0x00000be7       0x24 ./Core/Startup/startup_stm32f103rctx.o
 .debug_abbrev  0x00000c0b      0x201 ./Drivers/STM32F1xx_HAL_Driver/Src/stm32f1xx_hal.o
 .debug_abbrev  0x00000e0c      0x2f8 ./Drivers/STM32F1xx_HAL_Driver/Src/stm32f1xx_hal_cortex.o
 .debug_abbrev  0x00001104      0x1ca ./Drivers/STM32F1xx_HAL_Driver/Src/stm32f1xx_hal_gpio.o
 .debug_abbrev  0x000012ce      0x2b3 ./Drivers/STM32F1xx_HAL_Driver/Src/stm32f1xx_hal_rcc.o
 .debug_abbrev  0x00001581      0x277 ./Drivers/STM32F1xx_HAL_Driver/Src/stm32f1xx_hal_tim.o
 .debug_abbrev  0x000017f8      0x282 ./Drivers/STM32F1xx_HAL_Driver/Src/stm32f1xx_hal_tim_ex.o

.debug_aranges  0x00000000      0x9f0
 .debug_aranges
                0x00000000       0x28 ./App/ap/ap.o
 .debug_aranges
                0x00000028       0x38 ./App/ap/ap_isr.o
 .debug_aranges
                0x00000060       0x38 ./App/buzzer/buzzer.o
 .debug_aranges
                0x00000098       0x58 ./Core/Src/main.o
 .debug_aranges
                0x000000f0       0x30 ./Core/Src/stm32f1xx_hal_msp.o
 .debug_aranges
                0x00000120       0x80 ./Core/Src/stm32f1xx_it.o
 .debug_aranges
                0x000001a0       0x28 ./Core/Src/system_stm32f1xx.o
 .debug_aranges
                0x000001c8       0x28 ./Core/Startup/startup_stm32f103rctx.o
 .debug_aranges
                0x000001f0       0xe0 ./Drivers/STM32F1xx_HAL_Driver/Src/stm32f1xx_hal.o
 .debug_aranges
                0x000002d0      0x100 ./Drivers/STM32F1xx_HAL_Driver/Src/stm32f1xx_hal_cortex.o
 .debug_aranges
                0x000003d0       0x58 ./Drivers/STM32F1xx_HAL_Driver/Src/stm32f1xx_hal_gpio.o
 .debug_aranges
                0x00000428       0x90 ./Drivers/STM32F1xx_HAL_Driver/Src/stm32f1xx_hal_rcc.o
 .debug_aranges
                0x000004b8      0x3d0 ./Drivers/STM32F1xx_HAL_Driver/Src/stm32f1xx_hal_tim.o
 .debug_aranges
                0x00000888      0x168 ./Drivers/STM32F1xx_HAL_Driver/Src/stm32f1xx_hal_tim_ex.o

.debug_rnglists
                0x00000000      0x7a0
 .debug_rnglists
                0x00000000       0x19 ./App/ap/ap.o
 .debug_rnglists
                0x00000019       0x25 ./App/ap/ap_isr.o
 .debug_rnglists
                0x0000003e       0x28 ./App/buzzer/buzzer.o
 .debug_rnglists
                0x00000066       0x43 ./Core/Src/main.o
 .debug_rnglists
                0x000000a9       0x21 ./Core/Src/stm32f1xx_hal_msp.o
 .debug_rnglists
                0x000000ca       0x5b ./Core/Src/stm32f1xx_it.o
 .debug_rnglists
                0x00000125       0x1a ./Core/Src/system_stm32f1xx.o
 .debug_rnglists
                0x0000013f       0x19 ./Core/Startup/startup_stm32f103rctx.o
 .debug_rnglists
                0x00000158       0xa3 ./Drivers/STM32F1xx_HAL_Driver/Src/stm32f1xx_hal.o
 .debug_rnglists
                0x000001fb       0xbb ./Drivers/STM32F1xx_HAL_Driver/Src/stm32f1xx_hal_cortex.o
 .debug_rnglists
                0x000002b6       0x3f ./Drivers/STM32F1xx_HAL_Driver/Src/stm32f1xx_hal_gpio.o
 .debug_rnglists
                0x000002f5       0x6c ./Drivers/STM32F1xx_HAL_Driver/Src/stm32f1xx_hal_rcc.o
 .debug_rnglists
                0x00000361      0x31a ./Drivers/STM32F1xx_HAL_Driver/Src/stm32f1xx_hal_tim.o
 .debug_rnglists
                0x0000067b      0x125 ./Drivers/STM32F1xx_HAL_Driver/Src/stm32f1xx_hal_tim_ex.o

.debug_macro    0x00000000    0x18dc3
 .debug_macro   0x00000000      0x1c9 ./App/ap/ap.o
 .debug_macro   0x000001c9      0xacc ./App/ap/ap.o
 .debug_macro   0x00000c95      0x215 ./App/ap/ap.o
 .debug_macro   0x00000eaa       0x2e ./App/ap/ap.o
 .debug_macro   0x00000ed8       0x22 ./App/ap/ap.o
 .debug_macro   0x00000efa       0x22 ./App/ap/ap.o
 .debug_macro   0x00000f1c       0x8e ./App/ap/ap.o
 .debug_macro   0x00000faa       0x51 ./App/ap/ap.o
 .debug_macro   0x00000ffb      0x103 ./App/ap/ap.o
 .debug_macro   0x000010fe       0x6a ./App/ap/ap.o
 .debug_macro   0x00001168      0x1df ./App/ap/ap.o
 .debug_macro   0x00001347       0x1c ./App/ap/ap.o
 .debug_macro   0x00001363       0x22 ./App/ap/ap.o
 .debug_macro   0x00001385       0xbd ./App/ap/ap.o
 .debug_macro   0x00001442      0xd23 ./App/ap/ap.o
 .debug_macro   0x00002165     0xfd8c ./App/ap/ap.o
 .debug_macro   0x00011ef1       0x6d ./App/ap/ap.o
 .debug_macro   0x00011f5e     0x34a2 ./App/ap/ap.o
 .debug_macro   0x00015400      0x190 ./App/ap/ap.o
 .debug_macro   0x00015590       0x5c ./App/ap/ap.o
 .debug_macro   0x000155ec      0x5bc ./App/ap/ap.o
 .debug_macro   0x00015ba8      0x4d5 ./App/ap/ap.o
 .debug_macro   0x0001607d      0x1cb ./App/ap/ap.o
 .debug_macro   0x00016248      0x114 ./App/ap/ap.o
 .debug_macro   0x0001635c      0x1ea ./App/ap/ap.o
 .debug_macro   0x00016546       0x27 ./App/ap/ap.o
 .debug_macro   0x0001656d      0x144 ./App/ap/ap.o
 .debug_macro   0x000166b1      0x1bc ./App/ap/ap.o
 .debug_macro   0x0001686d       0x30 ./App/ap/ap.o
 .debug_macro   0x0001689d       0x3c ./App/ap/ap.o
 .debug_macro   0x000168d9       0x57 ./App/ap/ap.o
 .debug_macro   0x00016930       0x87 ./App/ap/ap.o
 .debug_macro   0x000169b7      0x24f ./App/ap/ap.o
 .debug_macro   0x00016c06      0x140 ./App/ap/ap.o
 .debug_macro   0x00016d46      0x8ed ./App/ap/ap.o
 .debug_macro   0x00017633       0xb5 ./App/ap/ap.o
 .debug_macro   0x000176e8       0x22 ./App/ap/ap.o
 .debug_macro   0x0001770a      0x24a ./App/ap/ap.o
 .debug_macro   0x00017954      0x1c0 ./App/ap/ap_isr.o
 .debug_macro   0x00017b14      0x1b2 ./App/buzzer/buzzer.o
 .debug_macro   0x00017cc6      0x1c9 ./Core/Src/main.o
 .debug_macro   0x00017e8f      0x1a3 ./Core/Src/stm32f1xx_hal_msp.o
 .debug_macro   0x00018032      0x1c0 ./Core/Src/stm32f1xx_it.o
 .debug_macro   0x000181f2      0x199 ./Core/Src/system_stm32f1xx.o
 .debug_macro   0x0001838b      0x1bd ./Drivers/STM32F1xx_HAL_Driver/Src/stm32f1xx_hal.o
 .debug_macro   0x00018548      0x199 ./Drivers/STM32F1xx_HAL_Driver/Src/stm32f1xx_hal_cortex.o
 .debug_macro   0x000186e1      0x204 ./Drivers/STM32F1xx_HAL_Driver/Src/stm32f1xx_hal_gpio.o
 .debug_macro   0x000188e5      0x1ab ./Drivers/STM32F1xx_HAL_Driver/Src/stm32f1xx_hal_rcc.o
 .debug_macro   0x00018a90      0x19a ./Drivers/STM32F1xx_HAL_Driver/Src/stm32f1xx_hal_tim.o
 .debug_macro   0x00018c2a      0x199 ./Drivers/STM32F1xx_HAL_Driver/Src/stm32f1xx_hal_tim_ex.o

.debug_line     0x00000000     0xb526
 .debug_line    0x00000000      0x75f ./App/ap/ap.o
 .debug_line    0x0000075f      0x78c ./App/ap/ap_isr.o
 .debug_line    0x00000eeb      0x824 ./App/buzzer/buzzer.o
 .debug_line    0x0000170f      0x9a5 ./Core/Src/main.o
 .debug_line    0x000020b4      0x789 ./Core/Src/stm32f1xx_hal_msp.o
 .debug_line    0x0000283d      0x845 ./Core/Src/stm32f1xx_it.o
 .debug_line    0x00003082      0x763 ./Core/Src/system_stm32f1xx.o
 .debug_line    0x000037e5       0x79 ./Core/Startup/startup_stm32f103rctx.o
 .debug_line    0x0000385e      0x994 ./Drivers/STM32F1xx_HAL_Driver/Src/stm32f1xx_hal.o
 .debug_line    0x000041f2      0xb5e ./Drivers/STM32F1xx_HAL_Driver/Src/stm32f1xx_hal_cortex.o
 .debug_line    0x00004d50      0xa19 ./Drivers/STM32F1xx_HAL_Driver/Src/stm32f1xx_hal_gpio.o
 .debug_line    0x00005769      0xe4d ./Drivers/STM32F1xx_HAL_Driver/Src/stm32f1xx_hal_rcc.o
 .debug_line    0x000065b6     0x36b2 ./Drivers/STM32F1xx_HAL_Driver/Src/stm32f1xx_hal_tim.o
 .debug_line    0x00009c68     0x18be ./Drivers/STM32F1xx_HAL_Driver/Src/stm32f1xx_hal_tim_ex.o

.debug_str      0x00000000    0x92a9b
 .debug_str     0x00000000    0x92a9b ./App/ap/ap.o
                              0x90739 (size before relaxing)
 .debug_str     0x00092a9b    0x8fed4 ./App/ap/ap_isr.o
 .debug_str     0x00092a9b    0x904a2 ./App/buzzer/buzzer.o
 .debug_str     0x00092a9b    0x90a32 ./Core/Src/main.o
 .debug_str     0x00092a9b    0x9074c ./Core/Src/stm32f1xx_hal_msp.o
 .debug_str     0x00092a9b    0x90446 ./Core/Src/stm32f1xx_it.o
 .debug_str     0x00092a9b    0x8fe8e ./Core/Src/system_stm32f1xx.o
 .debug_str     0x00092a9b       0x78 ./Core/Startup/startup_stm32f103rctx.o
 .debug_str     0x00092a9b    0x906a5 ./Drivers/STM32F1xx_HAL_Driver/Src/stm32f1xx_hal.o
 .debug_str     0x00092a9b    0x905f1 ./Drivers/STM32F1xx_HAL_Driver/Src/stm32f1xx_hal_cortex.o
 .debug_str     0x00092a9b    0x90214 ./Drivers/STM32F1xx_HAL_Driver/Src/stm32f1xx_hal_gpio.o
 .debug_str     0x00092a9b    0x902bd ./Drivers/STM32F1xx_HAL_Driver/Src/stm32f1xx_hal_rcc.o
 .debug_str     0x00092a9b    0x912bf ./Drivers/STM32F1xx_HAL_Driver/Src/stm32f1xx_hal_tim.o
 .debug_str     0x00092a9b    0x90acb ./Drivers/STM32F1xx_HAL_Driver/Src/stm32f1xx_hal_tim_ex.o

.comment        0x00000000       0x43
 .comment       0x00000000       0x43 ./App/ap/ap.o
                                 0x44 (size before relaxing)
 .comment       0x00000043       0x44 ./App/ap/ap_isr.o
 .comment       0x00000043       0x44 ./App/buzzer/buzzer.o
 .comment       0x00000043       0x44 ./Core/Src/main.o
 .comment       0x00000043       0x44 ./Core/Src/stm32f1xx_hal_msp.o
 .comment       0x00000043       0x44 ./Core/Src/stm32f1xx_it.o
 .comment       0x00000043       0x44 ./Core/Src/system_stm32f1xx.o
 .comment       0x00000043       0x44 ./Drivers/STM32F1xx_HAL_Driver/Src/stm32f1xx_hal.o
 .comment       0x00000043       0x44 ./Drivers/STM32F1xx_HAL_Driver/Src/stm32f1xx_hal_cortex.o
 .comment       0x00000043       0x44 ./Drivers/STM32F1xx_HAL_Driver/Src/stm32f1xx_hal_gpio.o
 .comment       0x00000043       0x44 ./Drivers/STM32F1xx_HAL_Driver/Src/stm32f1xx_hal_rcc.o
 .comment       0x00000043       0x44 ./Drivers/STM32F1xx_HAL_Driver/Src/stm32f1xx_hal_tim.o
 .comment       0x00000043       0x44 ./Drivers/STM32F1xx_HAL_Driver/Src/stm32f1xx_hal_tim_ex.o

.debug_frame    0x00000000     0x27e8
 .debug_frame   0x00000000       0x48 ./App/ap/ap.o
 .debug_frame   0x00000048       0x8c ./App/ap/ap_isr.o
 .debug_frame   0x000000d4       0xb0 ./App/buzzer/buzzer.o
 .debug_frame   0x00000184      0x11c ./Core/Src/main.o
 .debug_frame   0x000002a0       0x80 ./Core/Src/stm32f1xx_hal_msp.o
 .debug_frame   0x00000320      0x174 ./Core/Src/stm32f1xx_it.o
 .debug_frame   0x00000494       0x58 ./Core/Src/system_stm32f1xx.o
 .debug_frame   0x000004ec      0x334 ./Drivers/STM32F1xx_HAL_Driver/Src/stm32f1xx_hal.o
 .debug_frame   0x00000820      0x428 ./Drivers/STM32F1xx_HAL_Driver/Src/stm32f1xx_hal_cortex.o
 .debug_frame   0x00000c48      0x14c ./Drivers/STM32F1xx_HAL_Driver/Src/stm32f1xx_hal_gpio.o
 .debug_frame   0x00000d94      0x218 ./Drivers/STM32F1xx_HAL_Driver/Src/stm32f1xx_hal_rcc.o
 .debug_frame   0x00000fac     0x11b8 ./Drivers/STM32F1xx_HAL_Driver/Src/stm32f1xx_hal_tim.o
 .debug_frame   0x00002164      0x638 ./Drivers/STM32F1xx_HAL_Driver/Src/stm32f1xx_hal_tim_ex.o
 .debug_frame   0x0000279c       0x20 C:/ST/STM32CubeIDE_1.19.0/STM32CubeIDE/plugins/com.st.stm32cube.ide.mcu.externaltools.gnu-tools-for-stm32.13.3.rel1.win32_1.0.0.202411081344/tools/bin/../lib/gcc/arm-none-eabi/13.3.1/../../../../arm-none-eabi/lib/thumb/v7-m/nofp\libc_nano.a(libc_a-memset.o)
 .debug_frame   0x000027bc       0x2c C:/ST/STM32CubeIDE_1.19.0/STM32CubeIDE/plugins/com.st.stm32cube.ide.mcu.externaltools.gnu-tools-for-stm32.13.3.rel1.win32_1.0.0.202411081344/tools/bin/../lib/gcc/arm-none-eabi/13.3.1/../../../../arm-none-eabi/lib/thumb/v7-m/nofp\libc_nano.a(libc_a-init.o)

.debug_line_str
                0x00000000       0x5c
 .debug_line_str
                0x00000000       0x5c ./Core/Startup/startup_stm32f103rctx.o
